api/admin/concurrency-status.ts(3,64): error TS2307: Cannot find module '../../../lib/redis' or its corresponding type declarations.
api/admin/concurrency-status.ts(20,69): error TS7006: Parameter 'profile' implicitly has an 'any' type.
